AREA .  .ABS.
	RADIX HEX
	BASE 0000
	SIZE 0000
	ATTRIB ABS OVR
	GLOBALS
		l__HEAP	0000
		l__BSEG	0000
		l_.  .ABS.	0000
		l__GSFINAL	0000
		l__ISEG	0000
		s_.  .ABS.	0000
		s__HEADER	0000
		l__XSEG	0000
		.init	0000
		l__OVERLAY	0000
		l__LIT	0000
		s__SFR	0000
		l__GSINITTAIL	0001
		l__BSS	0086
		l__DATA	014E
		l__HOME	01AC
		l__HEADER	01EB
		s__CODE	0200
		l__GSINIT	071F
		l__BASE	1C04
		l__CODE	1E18
		s__HOME	2018
		s__BASE	21C4
		s__LIT	3DC8
		s__GSINIT	3DC8
		s__GSINITTAIL	44E7
		s__GSFINAL	44E8
		.OAM	C000
		s__DATA	C0A0
		s__BSS	C1EE
		s__HEAP	C274
		s__BSEG	C274
		s__ISEG	C274
		s__XSEG	C274
		s__OVERLAY	C274
		.STACK	E000
		.refresh_OAM	FF80
		l__SFR	10000
AREA _CODE
	RADIX HEX
	BASE 0200
	SIZE 1E18
	ATTRIB REL CON
	GLOBALS
		_draw_title_screen	0200
		_BGs	029C
		_backGround	02AC
		_empty	043C
		_empty0	0474
		_score_tiles	04AC
		_gameOver	04B9
		_pause	04C3
		_t1	04C8
		_t2	04CA
		_t3	04CC
		_t4	04CE
		_star1	04D0
		_star2	04E0
		_star3	04F0
		_title_data	0500
		_title_map	0D80
		_draw_stars	0EE8
		_initGame	1047
		_check_score	1070
		_set_score	10DF
		_main	113A
		_putchar	187C
		_setchar	1885
		_gotoxy	188E
		_posx	1899
		_posy	18AA
		_rand	18BB
		_randw	18BB
		.adv_gcurs	18E6
		.circle	1903
		.horlin	19A6
		.verlin	19DE
		.circplot	1A3A
		.box	1AB8
		.line	1B8E
		.xonly	1CAF
		.yonly	1DFE
		.plot	1E1F
		.wrbyte	1E3C
		.getpix	1EBE
		.wrtchr	1EF3
		_gotogxy	1F57
		_wrtchr	1F62
		_getpix	1F77
		_color	1F83
		_circle	1F92
		_box	1FAC
		_line	1FD0
		_plot_point	1FE8
		_plot	1FFC
AREA _HEADER
	RADIX HEX
	BASE 0000
	SIZE 01EB
	ATTRIB ABS OVR
	GLOBALS
		_exit	01D2
AREA _HOME
	RADIX HEX
	BASE 2018
	SIZE 01AC
	ATTRIB REL CON
	GLOBALS
		.set_mode	2018
		.remove_VBL	2028
		.remove_LCD	202E
		.remove_TIM	2034
		.remove_SIO	203A
		.remove_JOY	2040
		.add_VBL	2046
		.add_LCD	204C
		.add_TIM	2052
		.add_SIO	2058
		.add_JOY	205E
		.remove_int	2064
		.add_int	2084
		.wait_vbl_done	20A0
		_wait_vbl_done	20A0
		_display_off	20B7
		.display_off	20B7
		.serial_IO	20D8
		_mode	2107
		_get_mode	2110
		_enable_interrupts	2115
		_disable_interrupts	2117
		_reset	2119
		.reset	2119
		_set_interrupts	211F
		_remove_VBL	212A
		_remove_LCD	2135
		_remove_TIM	2140
		_remove_SIO	214B
		_remove_JOY	2156
		_add_VBL	2161
		_add_LCD	216C
		_add_TIM	2177
		_add_SIO	2182
		_add_JOY	218D
		_clock	2198
		__printTStates	21A1
		banked_call	21A2
		banked_ret	21BB
AREA _BASE
	RADIX HEX
	BASE 21C4
	SIZE 1C04
	ATTRIB REL CON
	GLOBALS
		font_copy_uncompressed	21C4
		font_copy_compressed	21FA
		font_load	224F
		font_copy_current	2297
		font_set	22DF
		.put_char	22EC
		.out_char	2305
		.del_char	230C
		_font_load	2367
		_font_set	2375
		_font_init	2384
		_cls	23A6
		.cls	23A6
		.cr_curs	23D8
		.adv_curs	23ED
		.tmode	2449
		.tmode_out	2472
		_scroll_bkg	2482
		_move_win	2498
		_initrand	24A1
		.initrand	24A3
		.padup	24AC
		_waitpadup	24AC
		.jpad	24BC
		.wait_pad	24E9
		_joypad	24F0
		_waitpad	24F5
		.mv_sprite	24FF
		_move_sprite	250E
		_font_spect	251B
		_set_win_tiles	289D
		_set_win_data	28B1
		_set_bkg_data	28B1
		_set_sprite_data	28FE
		_font_load_ibm_fixed	292D
		_font_ibm_fixed	2934
		_font_ibm_fixed_tiles	2A36
		.gmode	3236
		.vbl	3298
		.lcd	32A3
		.draw_image	32B0
		.switch_data	32BA
		_switch_data	32F1
		_draw_image	330C
		.y_table	331F
		_move_bkg	343F
		_font_italic	3448
		_font_ibm	37B2
		.set_sprite_tile	3B34
		_set_sprite_tile	3B41
		.init_vram	3B4C
		.init_wtt	3B5A
		.init_btt	3B6A
		.init_tt	3B78
		_font_min	3B7E
		.copy_vram	3D28
		_get_data	3D37
		_set_data	3D37
		_set_bkg_tiles	3D4A
		.set_xy_wtt	3D5E
		.set_xy_btt	3D6F
		.set_xy_tt	3D7E
		_set_tiles	3DAF
AREA _LIT
	RADIX HEX
	BASE 3DC8
	SIZE 0000
	ATTRIB REL CON
AREA _GSINIT
	RADIX HEX
	BASE 3DC8
	SIZE 071F
	ATTRIB REL CON
	GLOBALS
		gsinit	3DC8
AREA _GSINITTAIL
	RADIX HEX
	BASE 44E7
	SIZE 0001
	ATTRIB REL CON
AREA _GSFINAL
	RADIX HEX
	BASE 44E8
	SIZE 0000
	ATTRIB REL CON
AREA _DATA
	RADIX HEX
	BASE C0A0
	SIZE 014E
	ATTRIB REL CON
	GLOBALS
		_Sprites	C0A0
		_stars	C1C0
		_rand_num	C1C6
		_state	C1C7
		_enemy_spwaned	C1C8
		_temp0	C1C9
		_temp1	C1CA
		_temp2	C1CB
		_temp3	C1CC
		_temp4	C1CD
		_STAR1_INDEX	C1CE
		_STAR2_INDEX	C1CF
		_STAR3_INDEX	C1D0
		_STAR1_TIMER	C1D1
		_STAR2_TIMER	C1D2
		_STAR3_TIMER	C1D3
		_FIRE_INDEX	C1D4
		_FIRE_TIMER	C1D5
		_PLAYER_X	C1D6
		_had_Shot	C1D7
		_ENEMY	C1D8
		_PLAYER_SHOT	C1DC
		_PLAYER	C1E0
		_SCORE	C1E4
		_SCORE_TILE	C1E9
AREA _BSS
	RADIX HEX
	BASE C1EE
	SIZE 0086
	ATTRIB REL CON
	GLOBALS
		__cpu	C1EE
		.mode	C1EF
		__io_out	C1F0
		__io_in	C1F1
		__io_status	C1F2
		.vbl_done	C1F3
		__current_bank	C1F4
		_sys_time	C1F5
		.sys_time	C1F5
		.int_0x40	C1F7
		.int_0x48	C207
		.int_0x50	C217
		.int_0x58	C227
		.int_0x60	C237
		font_current	C247
		font_first_free_tile	C24A
		font_table	C24B
		.curx	C25D
		.cury	C25E
		.randhi	C25F
		.randlo	C260
		.fg_colour	C261
		.bg_colour	C262
AREA _HEAP
	RADIX HEX
	BASE C274
	SIZE 0000
	ATTRIB REL CON
	GLOBALS
		_malloc_heap_start	C274
AREA _OVERLAY
	RADIX HEX
	BASE C274
	SIZE 0000
	ATTRIB REL CON
AREA _ISEG
	RADIX HEX
	BASE C274
	SIZE 0000
	ATTRIB REL CON
AREA _BSEG
	RADIX HEX
	BASE C274
	SIZE 0000
	ATTRIB REL CON
AREA _XSEG
	RADIX HEX
	BASE C274
	SIZE 0000
	ATTRIB REL CON
AREA _SFR
	RADIX HEX
	BASE 0000
	SIZE 10000
	ATTRIB ABS OVR
	GLOBALS
		_P1_REG	FF00
		_SB_REG	FF01
		_SC_REG	FF02
		_DIV_REG	FF04
		_TIMA_REG	FF05
		_TMA_REG	FF06
		_TAC_REG	FF07
		_IF_REG	FF0F
		_NR10_REG	FF10
		_NR11_REG	FF11
		_NR12_REG	FF12
		_NR13_REG	FF13
		_NR14_REG	FF14
		_NR21_REG	FF16
		_NR22_REG	FF17
		_NR23_REG	FF18
		_NR24_REG	FF19
		_NR30_REG	FF1A
		_NR31_REG	FF1B
		_NR32_REG	FF1C
		_NR33_REG	FF1D
		_NR34_REG	FF1E
		_NR41_REG	FF20
		_NR42_REG	FF21
		_NR43_REG	FF22
		_NR44_REG	FF23
		_NR50_REG	FF24
		_NR51_REG	FF25
		_NR52_REG	FF26
		_LCDC_REG	FF40
		_STAT_REG	FF41
		_SCY_REG	FF42
		_SCX_REG	FF43
		_LY_REG	FF44
		_LYC_REG	FF45
		_DMA_REG	FF46
		_BGP_REG	FF47
		_OBP0_REG	FF48
		_OBP1_REG	FF49
		_WY_REG	FF4A
		_WX_REG	FF4B
		_KEY1_REG	FF4D
		_VBK_REG	FF4F
		_HDMA1_REG	FF51
		_HDMA2_REG	FF52
		_HDMA3_REG	FF53
		_HDMA4_REG	FF54
		_HDMA5_REG	FF55
		_RP_REG	FF56
		_BCPS_REG	FF68
		_BCPD_REG	FF69
		_OCPS_REG	FF6A
		_OCPD_REG	FF6B
		_SVBK_REG	FF70
		_IE_REG	FFFF
MODULES
	FILE G:\gbdk\lib/small/asxxxx/gb/crt0.o
		NAME Runtime
	FILE main.o
		NAME lcc186600
LIBRARIES
	LIBRARY G:\gbdk\lib/small/asxxxx/gb/gb.lib
		MODULE sfr.o
	LIBRARY G:\gbdk\lib/small/asxxxx/gb/gb.lib
		MODULE font.o
	LIBRARY G:\gbdk\lib/small/asxxxx/gb/gb.lib
		MODULE scroll_b.o
	LIBRARY G:\gbdk\lib/small/asxxxx/gb/gb.lib
		MODULE mv_win.o
	LIBRARY G:\gbdk\lib/small/asxxxx/gb/gb.lib
		MODULE rand.o
	LIBRARY G:\gbdk\lib/small/asxxxx/gb/gb.lib
		MODULE pad.o
	LIBRARY G:\gbdk\lib/small/asxxxx/gb/gb.lib
		MODULE mv_spr.o
	LIBRARY G:\gbdk\lib/small/asxxxx/gb/gb.lib
		MODULE f_spect.o
	LIBRARY G:\gbdk\lib/small/asxxxx/gb/gb.lib
		MODULE set_wi_t.o
	LIBRARY G:\gbdk\lib/small/asxxxx/gb/gb.lib
		MODULE set_data.o
	LIBRARY G:\gbdk\lib/small/asxxxx/gb/gb.lib
		MODULE ibmfixed.o
	LIBRARY G:\gbdk\lib/small/asxxxx/gb/gb.lib
		MODULE drawing.o
	LIBRARY G:\gbdk\lib/small/asxxxx/gb/gb.lib
		MODULE mv_bkg.o
	LIBRARY G:\gbdk\lib/small/asxxxx/gb/gb.lib
		MODULE f_italic.o
	LIBRARY G:\gbdk\lib/small/asxxxx/gb/gb.lib
		MODULE f_ibm_sh.o
	LIBRARY G:\gbdk\lib/small/asxxxx/gb/gb.lib
		MODULE set_spr.o
	LIBRARY G:\gbdk\lib/small/asxxxx/gb/gb.lib
		MODULE init_tt.o
	LIBRARY G:\gbdk\lib/small/asxxxx/gb/gb.lib
		MODULE f_min.o
	LIBRARY G:\gbdk\lib/small/asxxxx/gb/gb.lib
		MODULE cpy_data.o
	LIBRARY G:\gbdk\lib/small/asxxxx/gb/gb.lib
		MODULE set_bk_t.o
	LIBRARY G:\gbdk\lib/small/asxxxx/gb/gb.lib
		MODULE set_xy_t.o
USERBASEDEF
	_CODE=0x0200
	_DATA=0xC0A0
	_CODE_1=0x4000
USERGLOBALDEF
	.OAM=0xC000
	.STACK=0xE000
	.refresh_OAM=0xFF80
	.init=0x0000
