AREA .  .ABS.
	RADIX HEX
	BASE 0000
	SIZE 0000
	ATTRIB ABS OVR
	GLOBALS
		l__HEAP	0000
		l__BSEG	0000
		l_.  .ABS.	0000
		l__GSFINAL	0000
		l__ISEG	0000
		s_.  .ABS.	0000
		s__HEADER	0000
		l__XSEG	0000
		.init	0000
		l__OVERLAY	0000
		l__LIT	0000
		s__SFR	0000
		l__GSINITTAIL	0001
		l__DATA	002E
		l__GSINIT	0064
		l__BSS	0084
		l__HOME	01AC
		l__HEADER	01EB
		s__CODE	0200
		l__BASE	1BF9
		l__CODE	1D3A
		s__HOME	1F3A
		s__BASE	20E6
		s__LIT	3CDF
		s__GSINIT	3CDF
		s__GSINITTAIL	3D43
		s__GSFINAL	3D44
		.OAM	C000
		s__DATA	C0A0
		s__BSS	C0CE
		s__HEAP	C152
		s__BSEG	C152
		s__ISEG	C152
		s__XSEG	C152
		s__OVERLAY	C152
		.STACK	E000
		.refresh_OAM	FF80
		l__SFR	10000
AREA _CODE
	RADIX HEX
	BASE 0200
	SIZE 1D3A
	ATTRIB REL CON
	GLOBALS
		_draw_title_screen	0200
		_Sprites	029C
		_BGs	03BC
		_backGround	03CC
		_empty	055C
		_score_tiles	0594
		_gameOver	05A1
		_ready	05AB
		_star1	05B0
		_star2	05C0
		_star3	05D0
		_title_map	05E0
		_title_data	0748
		_initGame	0FC8
		_check_score	0FF1
		_set_score	1060
		_main	10BB
		_putchar	17C9
		_setchar	17D2
		_gotoxy	17DB
		_posx	17E6
		_posy	17F7
		.adv_gcurs	1808
		.circle	1825
		.horlin	18C8
		.verlin	1900
		.circplot	195C
		.box	19DA
		.line	1AB0
		.xonly	1BD1
		.yonly	1D20
		.plot	1D41
		.wrbyte	1D5E
		.getpix	1DE0
		.wrtchr	1E15
		_gotogxy	1E79
		_wrtchr	1E84
		_getpix	1E99
		_color	1EA5
		_circle	1EB4
		_box	1ECE
		_line	1EF2
		_plot_point	1F0A
		_plot	1F1E
AREA _HEADER
	RADIX HEX
	BASE 0000
	SIZE 01EB
	ATTRIB ABS OVR
	GLOBALS
		_exit	01D2
AREA _HOME
	RADIX HEX
	BASE 1F3A
	SIZE 01AC
	ATTRIB REL CON
	GLOBALS
		.set_mode	1F3A
		.remove_VBL	1F4A
		.remove_LCD	1F50
		.remove_TIM	1F56
		.remove_SIO	1F5C
		.remove_JOY	1F62
		.add_VBL	1F68
		.add_LCD	1F6E
		.add_TIM	1F74
		.add_SIO	1F7A
		.add_JOY	1F80
		.remove_int	1F86
		.add_int	1FA6
		.wait_vbl_done	1FC2
		_wait_vbl_done	1FC2
		_display_off	1FD9
		.display_off	1FD9
		.serial_IO	1FFA
		_mode	2029
		_get_mode	2032
		_enable_interrupts	2037
		_disable_interrupts	2039
		_reset	203B
		.reset	203B
		_set_interrupts	2041
		_remove_VBL	204C
		_remove_LCD	2057
		_remove_TIM	2062
		_remove_SIO	206D
		_remove_JOY	2078
		_add_VBL	2083
		_add_LCD	208E
		_add_TIM	2099
		_add_SIO	20A4
		_add_JOY	20AF
		_clock	20BA
		__printTStates	20C3
		banked_call	20C4
		banked_ret	20DD
AREA _BASE
	RADIX HEX
	BASE 20E6
	SIZE 1BF9
	ATTRIB REL CON
	GLOBALS
		font_copy_uncompressed	20E6
		font_copy_compressed	211C
		font_load	2171
		font_copy_current	21B9
		font_set	2201
		.put_char	220E
		.out_char	2227
		.del_char	222E
		_font_load	2289
		_font_set	2297
		_font_init	22A6
		_cls	22C8
		.cls	22C8
		.cr_curs	22FA
		.adv_curs	230F
		.tmode	236B
		.tmode_out	2394
		_scroll_bkg	23A4
		_move_win	23BA
		.padup	23C3
		_waitpadup	23C3
		.jpad	23D3
		.wait_pad	2400
		_joypad	2407
		_waitpad	240C
		.mv_sprite	2416
		_move_sprite	2425
		_font_spect	2432
		_set_win_tiles	27B4
		_set_win_data	27C8
		_set_bkg_data	27C8
		_set_sprite_data	2815
		_font_load_ibm_fixed	2844
		_font_ibm_fixed	284B
		_font_ibm_fixed_tiles	294D
		.gmode	314D
		.vbl	31AF
		.lcd	31BA
		.draw_image	31C7
		.switch_data	31D1
		_switch_data	3208
		_draw_image	3223
		.y_table	3236
		_move_bkg	3356
		_font_italic	335F
		_font_ibm	36C9
		.set_sprite_tile	3A4B
		_set_sprite_tile	3A58
		.init_vram	3A63
		.init_wtt	3A71
		.init_btt	3A81
		.init_tt	3A8F
		_font_min	3A95
		.copy_vram	3C3F
		_get_data	3C4E
		_set_data	3C4E
		_set_bkg_tiles	3C61
		.set_xy_wtt	3C75
		.set_xy_btt	3C86
		.set_xy_tt	3C95
		_set_tiles	3CC6
AREA _LIT
	RADIX HEX
	BASE 3CDF
	SIZE 0000
	ATTRIB REL CON
AREA _GSINIT
	RADIX HEX
	BASE 3CDF
	SIZE 0064
	ATTRIB REL CON
	GLOBALS
		gsinit	3CDF
AREA _GSINITTAIL
	RADIX HEX
	BASE 3D43
	SIZE 0001
	ATTRIB REL CON
AREA _GSFINAL
	RADIX HEX
	BASE 3D44
	SIZE 0000
	ATTRIB REL CON
AREA _DATA
	RADIX HEX
	BASE C0A0
	SIZE 002E
	ATTRIB REL CON
	GLOBALS
		_stars	C0A0
		_state	C0A6
		_enemy_spwaned	C0A7
		_temp0	C0A8
		_temp1	C0A9
		_temp2	C0AA
		_temp3	C0AB
		_temp4	C0AC
		_rand_num	C0AD
		_STAR1_INDEX	C0AE
		_STAR2_INDEX	C0AF
		_STAR3_INDEX	C0B0
		_STAR1_TIMER	C0B1
		_STAR2_TIMER	C0B2
		_STAR3_TIMER	C0B3
		_FIRE_INDEX	C0B4
		_FIRE_TIMER	C0B5
		_PLAYER_X	C0B6
		_had_Shot	C0B7
		_ENEMY	C0B8
		_PLAYER_SHOT	C0BC
		_PLAYER	C0C0
		_SCORE	C0C4
		_SCORE_TILE	C0C9
AREA _BSS
	RADIX HEX
	BASE C0CE
	SIZE 0084
	ATTRIB REL CON
	GLOBALS
		__cpu	C0CE
		.mode	C0CF
		__io_out	C0D0
		__io_in	C0D1
		__io_status	C0D2
		.vbl_done	C0D3
		__current_bank	C0D4
		_sys_time	C0D5
		.sys_time	C0D5
		.int_0x40	C0D7
		.int_0x48	C0E7
		.int_0x50	C0F7
		.int_0x58	C107
		.int_0x60	C117
		font_current	C127
		font_first_free_tile	C12A
		font_table	C12B
		.curx	C13D
		.cury	C13E
		.fg_colour	C13F
		.bg_colour	C140
AREA _HEAP
	RADIX HEX
	BASE C152
	SIZE 0000
	ATTRIB REL CON
	GLOBALS
		_malloc_heap_start	C152
AREA _OVERLAY
	RADIX HEX
	BASE C152
	SIZE 0000
	ATTRIB REL CON
AREA _ISEG
	RADIX HEX
	BASE C152
	SIZE 0000
	ATTRIB REL CON
AREA _BSEG
	RADIX HEX
	BASE C152
	SIZE 0000
	ATTRIB REL CON
AREA _XSEG
	RADIX HEX
	BASE C152
	SIZE 0000
	ATTRIB REL CON
AREA _SFR
	RADIX HEX
	BASE 0000
	SIZE 10000
	ATTRIB ABS OVR
	GLOBALS
		_P1_REG	FF00
		_SB_REG	FF01
		_SC_REG	FF02
		_DIV_REG	FF04
		_TIMA_REG	FF05
		_TMA_REG	FF06
		_TAC_REG	FF07
		_IF_REG	FF0F
		_NR10_REG	FF10
		_NR11_REG	FF11
		_NR12_REG	FF12
		_NR13_REG	FF13
		_NR14_REG	FF14
		_NR21_REG	FF16
		_NR22_REG	FF17
		_NR23_REG	FF18
		_NR24_REG	FF19
		_NR30_REG	FF1A
		_NR31_REG	FF1B
		_NR32_REG	FF1C
		_NR33_REG	FF1D
		_NR34_REG	FF1E
		_NR41_REG	FF20
		_NR42_REG	FF21
		_NR43_REG	FF22
		_NR44_REG	FF23
		_NR50_REG	FF24
		_NR51_REG	FF25
		_NR52_REG	FF26
		_LCDC_REG	FF40
		_STAT_REG	FF41
		_SCY_REG	FF42
		_SCX_REG	FF43
		_LY_REG	FF44
		_LYC_REG	FF45
		_DMA_REG	FF46
		_BGP_REG	FF47
		_OBP0_REG	FF48
		_OBP1_REG	FF49
		_WY_REG	FF4A
		_WX_REG	FF4B
		_KEY1_REG	FF4D
		_VBK_REG	FF4F
		_HDMA1_REG	FF51
		_HDMA2_REG	FF52
		_HDMA3_REG	FF53
		_HDMA4_REG	FF54
		_HDMA5_REG	FF55
		_RP_REG	FF56
		_BCPS_REG	FF68
		_BCPD_REG	FF69
		_OCPS_REG	FF6A
		_OCPD_REG	FF6B
		_SVBK_REG	FF70
		_IE_REG	FFFF
MODULES
	FILE G:\gbdk\lib/small/asxxxx/gb/crt0.o
		NAME Runtime
	FILE main.o
		NAME lcc15320
LIBRARIES
	LIBRARY G:\gbdk\lib/small/asxxxx/gb/gb.lib
		MODULE sfr.o
	LIBRARY G:\gbdk\lib/small/asxxxx/gb/gb.lib
		MODULE font.o
	LIBRARY G:\gbdk\lib/small/asxxxx/gb/gb.lib
		MODULE scroll_b.o
	LIBRARY G:\gbdk\lib/small/asxxxx/gb/gb.lib
		MODULE mv_win.o
	LIBRARY G:\gbdk\lib/small/asxxxx/gb/gb.lib
		MODULE pad.o
	LIBRARY G:\gbdk\lib/small/asxxxx/gb/gb.lib
		MODULE mv_spr.o
	LIBRARY G:\gbdk\lib/small/asxxxx/gb/gb.lib
		MODULE f_spect.o
	LIBRARY G:\gbdk\lib/small/asxxxx/gb/gb.lib
		MODULE set_wi_t.o
	LIBRARY G:\gbdk\lib/small/asxxxx/gb/gb.lib
		MODULE set_data.o
	LIBRARY G:\gbdk\lib/small/asxxxx/gb/gb.lib
		MODULE ibmfixed.o
	LIBRARY G:\gbdk\lib/small/asxxxx/gb/gb.lib
		MODULE drawing.o
	LIBRARY G:\gbdk\lib/small/asxxxx/gb/gb.lib
		MODULE mv_bkg.o
	LIBRARY G:\gbdk\lib/small/asxxxx/gb/gb.lib
		MODULE f_italic.o
	LIBRARY G:\gbdk\lib/small/asxxxx/gb/gb.lib
		MODULE f_ibm_sh.o
	LIBRARY G:\gbdk\lib/small/asxxxx/gb/gb.lib
		MODULE set_spr.o
	LIBRARY G:\gbdk\lib/small/asxxxx/gb/gb.lib
		MODULE init_tt.o
	LIBRARY G:\gbdk\lib/small/asxxxx/gb/gb.lib
		MODULE f_min.o
	LIBRARY G:\gbdk\lib/small/asxxxx/gb/gb.lib
		MODULE cpy_data.o
	LIBRARY G:\gbdk\lib/small/asxxxx/gb/gb.lib
		MODULE set_bk_t.o
	LIBRARY G:\gbdk\lib/small/asxxxx/gb/gb.lib
		MODULE set_xy_t.o
USERBASEDEF
	_CODE=0x0200
	_DATA=0xC0A0
	_CODE_1=0x4000
USERGLOBALDEF
	.OAM=0xC000
	.STACK=0xE000
	.refresh_OAM=0xFF80
	.init=0x0000
